{
  "loglar/.gitkeep": "e3b0c44298fc1c149afbf4c8996fb92427ae41e4649b934ca495991b7852b855",
  "loglar/example_dry_run.log": "b46c24d82120eada20f3700dfd26155b069dac0c4c310faba9df591ce46cec60"
}
