files:
  - perf_notes.md
pick_latest:
  - path: loglar
    pattern: "*"
    count: 1
